
> saas-platform@0.1.0 build C:\Users\eoude\Desktop\PersonalProjects\email automation\saas-platform
> next build

⚠ Warning: Next.js inferred your workspace root, but it may not be correct.
 We detected multiple lockfiles and selected the directory of C:\Users\eoude\package-lock.json as the root directory.
 To silence this warning, set `turbopack.root` in your Next.js config, or consider removing one of the lockfiles if it's not needed.
   See https://nextjs.org/docs/app/api-reference/config/next-config-js/turbopack#root-directory for more information.
 Detected additional lockfiles: 
   * C:\Users\eoude\Desktop\PersonalProjects\email automation\saas-platform\pnpm-workspace.yaml

▲ Next.js 16.2.2 (Turbopack)
- Environments: .env.local

  Creating an optimized production build ...
✓ Compiled successfully in 14.9s
  Running TypeScript ...
  Finished TypeScript in 14.3s ...
  Collecting page data using 19 workers ...
  Generating static pages using 19 workers (0/30) ...
  Generating static pages using 19 workers (7/30) 
  Generating static pages using 19 workers (14/30) 
  Generating static pages using 19 workers (22/30) 
✓ Generating static pages using 19 workers (30/30) in 983ms
  Finalizing page optimization ...

Route (app)
┌ ƒ /
├ ○ /_not-found
├ ƒ /api/admin/cleanup
├ ƒ /api/analytics/summary
├ ƒ /api/auth/google
├ ƒ /api/auth/google/callback
├ ƒ /api/automation/sync-emails
├ ƒ /api/billing/subscribe
├ ƒ /api/cron/check-gmail
├ ƒ /api/health
├ ƒ /api/inbox/conversations
├ ƒ /api/inbox/conversations/[id]/messages
├ ƒ /api/inbox/conversations/[id]/reply
├ ƒ /api/merchant/onboarding
├ ƒ /api/merchant/profile
├ ƒ /api/merchant/settings
├ ƒ /api/negotiations
├ ƒ /api/orders
├ ƒ /api/shopify/callback
├ ƒ /api/shopify/install
├ ƒ /api/shopify/sync-orders
├ ƒ /api/webhooks/ses
├ ƒ /api/webhooks/shopify
├ ƒ /dashboard
├ ƒ /dashboard/inbox
├ ƒ /dashboard/inbox/[id]
├ ƒ /dashboard/orders
├ ƒ /dashboard/returns
├ ƒ /dashboard/settings
├ ƒ /dashboard/store
├ ƒ /onboarding
├ ○ /onboarding/configure
└ ○ /onboarding/connect-shopify


○  (Static)   prerendered as static content
ƒ  (Dynamic)  server-rendered on demand

